// Jest Snapshot v1, https://jestjs.io/docs/snapshot-testing

exports[`<Greeting /> should render a Greeting 1`] = `
<section
  class="styles__StyledGreeting-zog3as-0 cNGZbu"
>
  <div>
    <span>
      Good evening
    </span>
    ,
     
    <span
      class="styles__StyledNameWrapper-zog3as-1 esrRpR"
    >
       
    </span>
  </div>
</section>
`;
