// Jest Snapshot v1, https://jestjs.io/docs/snapshot-testing

exports[`<HistoryPage /> should render and match the snapshot 1`] = `
<Context.Provider
  value={
    {
      "store": {
        "createReducer": [Function],
        "dispatch": [Function],
        "getState": [Function],
        "injectedReducers": {},
        "injectedSagas": {},
        "replaceReducer": [Function],
        "runSaga": [Function],
        "subscribe": [Function],
        Symbol(Symbol.observable): [Function],
      },
      "subscription": Subscription {
        "handleChangeWrapper": [Function],
        "listeners": {
          "notify": [Function],
        },
        "onStateChange": [Function],
        "parentSub": undefined,
        "store": {
          "createReducer": [Function],
          "dispatch": [Function],
          "getState": [Function],
          "injectedReducers": {},
          "injectedSagas": {},
          "replaceReducer": [Function],
          "runSaga": [Function],
          "subscribe": [Function],
          Symbol(Symbol.observable): [Function],
        },
        "unsubscribe": null,
      },
    }
  }
>
  <HistoryPage />
</Context.Provider>
`;
