// Jest Snapshot v1, https://jestjs.io/docs/snapshot-testing

exports[`<EmailAddress /> should render a information 1`] = `
<form
  class="ant-form ant-form-horizontal"
>
  <div
    class="ant-row ant-form-item styles__StyledFormItem-alwz5b-6 kphMDU"
  >
    <div
      class="ant-col ant-form-item-label"
    >
      <label
        class="ant-form-item-required"
        for="email"
        title="E-Mail Address"
      >
        E-Mail Address
      </label>
    </div>
    <div
      class="ant-col ant-form-item-control"
    >
      <div
        class="ant-form-item-control-input"
      >
        <div
          class="ant-form-item-control-input-content"
        >
          <input
            class="ant-input"
            id="email"
            name="email"
            placeholder="Enter e-mail address"
            type="text"
            value=""
          />
        </div>
      </div>
    </div>
  </div>
</form>
`;
