// Jest Snapshot v1, https://jestjs.io/docs/snapshot-testing

exports[`<BankInformation /> should render a BankInformation 1`] = `
<section
  class="styles__StyledWidget-sc-1poowsd-0 iivFOM"
>
  <div
    class="styles__StyledWidgetContent-sc-1poowsd-1 jQTuAG"
  >
    <div
      class="styles__StyledWidgetContentDescription-sc-1poowsd-6 cjhsDy"
    >
      Did you know that transfers in our bank arrive immediately?
    </div>
  </div>
</section>
`;
